<layout>
   <block name="root" type="Mage_Core_Block_Template" template="template.phtml">
      <block name="head" type="Mage_Page_Block_Html_Head">
         <action method="safeMethod">
            <arg>1</arg>
         </action>
      </block>
      <block name="custom.safe" type="Namespace_Module_Block_Safe"/>
      <container name="content">
         <block name="custom.not_safe" type="Mage_Core_Block_Template" template="Mage_DesignEditor::stub.phtml">%A</block>
         <block type="Mage_Page_Block_Safe"/>
      </container>
   </block>
   <reference name="head">
      <action method="safeMethod">
         <arg>1</arg>
      </action>
   </reference>
   <reference name="custom.not_safe">%A</reference>
</layout>
